// Jest Snapshot v1, https://goo.gl/fbAQLP

exports[`PostItem should render 1`] = `
<DocumentFragment>
  .c0 {
  width: 100%;
  padding: 1rem;
  border-bottom: 1px solid;
}

.c1 {
  display: grid;
  grid-template-columns: repeat(2,min-content);
  -webkit-align-items: center;
  -webkit-box-align: center;
  -ms-flex-align: center;
  align-items: center;
  -webkit-column-gap: 1rem;
  column-gap: 1rem;
}

.c2 {
  margin: 0;
  padding: 0;
  line-height: 1;
  white-space: nowrap;
}

.c3 {
  margin: 1rem 0;
  color: 60;
  white-space: nowrap;
}

.c4 {
  display: grid;
  grid-template-columns: 100px 1fr;
  -webkit-align-items: center;
  -webkit-box-align: center;
  -ms-flex-align: center;
  align-items: center;
  -webkit-column-gap: 1rem;
  column-gap: 1rem;
  margin-top: 1rem;
}

.c5 {
  width: 100px;
  height: 100px;
}

.c6 {
  margin: 0;
  padding: 0;
  line-height: 1;
}

.c7 {
  display: grid;
  grid-template-columns: repeat(2,min-content);
  -webkit-box-pack: justify;
  -webkit-justify-content: space-between;
  -ms-flex-pack: justify;
  justify-content: space-between;
  -webkit-align-items: center;
  -webkit-box-align: center;
  -ms-flex-align: center;
  align-items: center;
  margin-top: 1rem;
}

.c8 {
  display: grid;
  grid-template-columns: repeat(2,min-content);
  white-space: nowrap;
  border: 1px solid;
  cursor: pointer;
}

.c9 {
  white-space: nowrap;
}

<div
    class="c0"
  >
    <div
      class="c1"
    >
      <h3
        class="c2"
      >
        111 author
      </h3>
      <h5
        class="c3"
      >
        5/5/1970, 9:00:00 PM
      </h5>
    </div>
    <div
      class="c4"
    >
      <img
        class="c5"
        src="https://image1111.com"
      />
      <p
        class="c6"
      >
        111 title
      </p>
    </div>
    <div
      class="c7"
    >
      <button
        class="c8"
      >
        Dismiss Post
      </button>
      <span
        class="c9"
      >
         0 Comments
      </span>
    </div>
  </div>
</DocumentFragment>
`;
